// Jest Snapshot v1, https://goo.gl/fbAQLP

exports[`<Header /> should match snapshot 1`] = `
<div>
  <div
    class="headerContainer"
  >
    <div
      class="container mx-auto pl-6 pr-6"
    >
      <div
        class="pl-4 pr-4"
      >
        <div
          class="header"
        >
          <div
            class="headerLogo"
          >
            <a
              href="/"
            >
              Test Site
            </a>
          </div>
          <nav
            class="headerNavigation"
          >
            <ol>
              <li
                data-testid="subLinkMenu"
                tabindex="0"
              >
                <span
                  class="headerNavigationSubMenu"
                >
                  Link 1
                  <svg
                    fill="none"
                    height="24"
                    stroke="currentColor"
                    stroke-linecap="round"
                    stroke-linejoin="round"
                    stroke-width="2"
                    viewBox="0 0 24 24"
                    width="24"
                    xmlns="http://www.w3.org/2000/svg"
                  >
                    <polyline
                      points="6 9 12 15 18 9"
                    />
                  </svg>
                </span>
                <div
                  class="hidden"
                  data-testid="subLinkMenuList"
                >
                  <a
                    href="Sub link-1"
                  >
                    Sub Link 1
                  </a>
                </div>
              </li>
              <li
                class=""
                data-testid="headerNavigationLink"
              >
                <a
                  href="link-2"
                >
                  Link 2
                </a>
              </li>
              <li
                class=""
                data-testid="headerNavigationLink"
              >
                <a
                  href="link-3"
                >
                  Link 3
                </a>
              </li>
            </ol>
          </nav>
          <svg
            class="headerMenuIcon"
            fill="none"
            height="24"
            stroke="currentColor"
            stroke-linecap="round"
            stroke-linejoin="round"
            stroke-width="2"
            viewBox="0 0 24 24"
            width="24"
            xmlns="http://www.w3.org/2000/svg"
          >
            <line
              x1="3"
              x2="21"
              y1="12"
              y2="12"
            />
            <line
              x1="3"
              x2="21"
              y1="6"
              y2="6"
            />
            <line
              x1="3"
              x2="21"
              y1="18"
              y2="18"
            />
          </svg>
        </div>
      </div>
    </div>
  </div>
</div>
`;
