// Jest Snapshot v1, https://goo.gl/fbAQLP

exports[`<ProductCard /> should match snapshot 1`] = `
<div>
  <div
    class="bg-white"
  >
    <div
      class="bg-red-200 pt-16 pb-16 flex justify-center"
    >
      <img
        alt="Lips"
        class="h-20"
        src="//test-product.jpg"
      />
    </div>
    <div
      class="pr-8 pb-8 pl-8"
    >
      <h2
        class="mt-12 mb-2 text-3xl tracking-wide"
        data-testid="productCardTitle"
      >
        Test title
      </h2>
      <p
        class="mb-12"
      >
        I am a test excerpt
      </p>
      <a
        href="/test-product"
      >
        View Product
      </a>
    </div>
  </div>
</div>
`;
